// Jest Snapshot v1, https://goo.gl/fbAQLP

exports[`Card Component matches sanpshot 1`] = `[Function]`;
